id,email,userName,typeName,createdAt,updatedAt,lastLogin,rolesText,consentInternalCommunication,enabled,isEmailConfirmed,locked,phoneConfirmed,gender,dateOfBirth,websiteUrl,biography,address,zipCode,city,phone,profileUrl,userIdentificationCode
VXNlcjp1c2VyNQ==,user@test.com,user,Citoyen,"2015-01-06 00:00:00","2016-01-01 00:00:00",,Utilisateur,Yes,Yes,Yes,No,Yes,FEMALE,"1996-03-01 00:00:00",,,"12 rue des boulets",75012,Paris,+33635492871,https://capco.dev/profile/user,DK2AZ554
VXNlcjp1c2VyMg==,sfavot@cap-collectif.com,sfavot,Citoyen,"2015-01-02 00:00:00",,,"Super Admin|Utilisateur",No,Yes,Yes,No,Yes,,,http://www.sfavot.fr,"Lorem ipsum dolor sit amet, consectetur adipisicing elit. Eum earum fuga quaerat expedita minima labore vitae voluptate, repellendus perspiciatis consequuntur cum, dignissimos quas temporibus consequatur tempora est repellat. Architecto, quia.",,,Antony,+3300000000,https://capco.dev/profile/sfavot,
VXNlcjp1c2VyMQ==,lbrunet@cap-collectif.com,lbrunet,Citoyen,"2015-01-01 00:00:00",,,"Super Admin|Utilisateur",Yes,Yes,Yes,No,No,,,,,,,,+3300000000,https://capco.dev/profile/lbrunet,
UGFydGljaXBhbnQ6cGFydGljaXBhbnQy,participant2@cap-collectif.com,,,"2021-01-14 00:00:00",,,,No,,,,No,,"2023-03-01 00:00:00",,,,75015,,,,
