// Jest Snapshot v1, https://goo.gl/fbAQLP

exports[`<MediaDeleteModal /> should render correctly 1`] = `
<DocumentFragment>
  <div
    class="sc-bcXGCL gHoLKQ toasts-container toasts-container--top"
  />
  <div
    aria-label="global.image_uploader.image.preview"
    aria-modal="true"
    data-dialog="true"
    id="id-g"
    role="dialog"
    tabindex="-1"
  >
    <div
      class="sc-bcXGCL embsrb sc-fvEvfv cap-modal__overlay"
      style="opacity: 0;"
    >
      <div
        class="sc-bcXGCL guZZlV sc-fcCDYY kmYErD cap-modal"
        style="opacity: 0; transform: translateY(-20px) translateZ(0);"
      >
        <header
          class="sc-bcXGCL jJSzZW cap-modal__header"
        >
          <div
            class="sc-bcXGCL jevVsb"
          >
            <h2
              class="sc-bcXGCL YIciv cap-heading"
              id="modal-title"
              style="margin-left: 0px; margin-top: 0px;"
            >
              media-delete-confirm {"num":3}
            </h2>
          </div>
          <button
            aria-describedby="modal-title"
            class="sc-bcXGCL cNICVM"
            type="button"
          >
            <svg
              aria-hidden="false"
              class="sc-bcXGCL sc-oZHua JBVPO cCzERh cap-icon"
              fill="none"
              height="1em"
              role="img"
              viewBox="0 0 12 12"
              width="1em"
              xmlns="http://www.w3.org/2000/svg"
            >
              <path
                d="M1 11 11 1M1 1l10 10"
                stroke="currentColor"
                stroke-linecap="round"
                stroke-linejoin="round"
                stroke-width="0.8"
              />
            </svg>
          </button>
        </header>
        <div
          class="sc-bcXGCL eqUaSq cap-modal__body"
        >
          <p
            class="sc-bcXGCL kxBQAH cap-text"
          >
            media-delete-helptext {"num":3}
          </p>
        </div>
        <footer
          class="sc-bcXGCL fMWhlA cap-modal__footer"
        >
          <button
            class="sc-bcXGCL sc-gGvGpy kAXCTC kpqYfq cap-button"
            style="margin-left: 0px; margin-top: 0px;"
            type="button"
          >
            global.cancel
          </button>
          <button
            class="sc-bcXGCL sc-gGvGpy kAXCTC qZtxX cap-button"
            type="button"
          >
            global.delete
          </button>
        </footer>
      </div>
    </div>
  </div>
</DocumentFragment>
`;
