export_participant_user_id,export_participant_username,export_participant_user_email,export_participant_consent_internal_communication,export_participant_phone,export_participant_type,export_participant_firstname,export_participant_lastname,export_participant_date_of_birth,export_participant_postal_address,export_participant_zip_code,export_participant_city,export_participant_profile_url,export_participant_identification_code,user_votes_total_count_per_step,user_proposal_count_per_step,user_voted_proposal_ids
user1,lbrunet,lbrunet@cap-collectif.com,Oui,+3300000000,Citoyen,Laurent,Brunet,,,,,https://capco.dev/profile/lbrunet,,1,1,1
user2,sfavot,sfavot@cap-collectif.com,Non,+3300000000,Citoyen,Suzanne,Favot,,,,Antony,https://capco.dev/profile/sfavot,,1,0,1
user5,user,user@test.com,Oui,+33635492871,Citoyen,Utilisateur,authentifier,"1996-03-01 00:00:00",,75012,Paris,https://capco.dev/profile/user,DK2AZ554,1,1,1
userAdmin,admin,admin@test.com,Non,+33675492871,Citoyen,Administrateur,authentifier,,"26 Rue Claude Tillier, 75012 Paris, France",,,https://capco.dev/profile/admin,,1,0,
participant2,,participant2@cap-collectif.com,Non,,,"Participant2 firstname","Participant2 lastname","2023-03-01 00:00:00",,75015,,,,1,0,1
