export_contribution_type,export_proposal_id,export_proposal_published_at,export_proposal_reference,export_proposal_title,export_proposal_summary,export_proposal_description,export_proposal_author_id,export_proposal_votes_total_count,export_proposal_votes_digital_count,export_proposal_votes_paper_count,export_proposal_votes_total_points_count,export_proposal_votes_digital_points_count,export_proposal_votes_paper_points_count,export_proposal_category_name,export_proposal_theme_title,export_proposal_formatted_address,export_proposal_address_lat,export_proposal_address_lng,export_proposal_district_name,export_proposal_estimation,export_proposal_illustration,export_proposal_link,export_proposal_status_name,export_proposal_votes_id,export_proposal_votes_ranking
export_contribution_type_proposal,proposal37,"2017-02-01 13:37:00","""111-45""","Libérons les nains de jardin",,TODO,user1,0,0,0,0,0,0,,,,,,,,,https://capco.dev/project/un-avenir-meilleur-pour-les-nains-de-jardins-custom-access/collect/collecte-des-propositions-liberer-les-nains-de-jardin/proposals/liberons-les-nains-de-jardin?_locale=fr-FR,,,
export_contribution_type_proposal_comment,proposal37,"2017-02-01 13:37:00","""111-45""","Libérons les nains de jardin",,TODO,user1,0,0,0,0,0,0,,,,,,,,,https://capco.dev/project/un-avenir-meilleur-pour-les-nains-de-jardins-custom-access/collect/collecte-des-propositions-liberer-les-nains-de-jardin/proposals/liberons-les-nains-de-jardin?_locale=fr-FR,,,
export_contribution_type_proposal_comment,proposal37,"2017-02-01 13:37:00","""111-45""","Libérons les nains de jardin",,TODO,user1,0,0,0,0,0,0,,,,,,,,,https://capco.dev/project/un-avenir-meilleur-pour-les-nains-de-jardins-custom-access/collect/collecte-des-propositions-liberer-les-nains-de-jardin/proposals/liberons-les-nains-de-jardin?_locale=fr-FR,,,
export_contribution_type_proposal_comment,proposal37,"2017-02-01 13:37:00","""111-45""","Libérons les nains de jardin",,TODO,user1,0,0,0,0,0,0,,,,,,,,,https://capco.dev/project/un-avenir-meilleur-pour-les-nains-de-jardins-custom-access/collect/collecte-des-propositions-liberer-les-nains-de-jardin/proposals/liberons-les-nains-de-jardin?_locale=fr-FR,,,
export_contribution_type_proposal_comment,proposal37,"2017-02-01 13:37:00","""111-45""","Libérons les nains de jardin",,TODO,user1,0,0,0,0,0,0,,,,,,,,,https://capco.dev/project/un-avenir-meilleur-pour-les-nains-de-jardins-custom-access/collect/collecte-des-propositions-liberer-les-nains-de-jardin/proposals/liberons-les-nains-de-jardin?_locale=fr-FR,,,
export_contribution_type_proposal_comment,proposal37,"2017-02-01 13:37:00","""111-45""","Libérons les nains de jardin",,TODO,user1,0,0,0,0,0,0,,,,,,,,,https://capco.dev/project/un-avenir-meilleur-pour-les-nains-de-jardins-custom-access/collect/collecte-des-propositions-liberer-les-nains-de-jardin/proposals/liberons-les-nains-de-jardin?_locale=fr-FR,,,
export_contribution_type_proposal_comment,proposal37,"2017-02-01 13:37:00","""111-45""","Libérons les nains de jardin",,TODO,user1,0,0,0,0,0,0,,,,,,,,,https://capco.dev/project/un-avenir-meilleur-pour-les-nains-de-jardins-custom-access/collect/collecte-des-propositions-liberer-les-nains-de-jardin/proposals/liberons-les-nains-de-jardin?_locale=fr-FR,,,
export_contribution_type_proposal_news_comment_vote,proposal37,"2017-02-01 13:37:00","""111-45""","Libérons les nains de jardin",,TODO,user1,0,0,0,0,0,0,,,,,,,,,https://capco.dev/project/un-avenir-meilleur-pour-les-nains-de-jardins-custom-access/collect/collecte-des-propositions-liberer-les-nains-de-jardin/proposals/liberons-les-nains-de-jardin?_locale=fr-FR,,,
export_contribution_type_proposal,proposal38,"2017-02-01 13:38:00","""111-46""","Libérons blanche neige",,TODO,user1,0,0,0,0,0,0,,,,,,,,,https://capco.dev/project/un-avenir-meilleur-pour-les-nains-de-jardins-custom-access/collect/collecte-des-propositions-liberer-les-nains-de-jardin/proposals/liberons-blanche-neige?_locale=fr-FR,,,
export_contribution_type_proposal,proposal39,"2017-02-01 13:39:00","""111-47""","Donnons leur un village dédié",,TODO,user1,0,0,0,0,0,0,,,,,,,,,https://capco.dev/project/un-avenir-meilleur-pour-les-nains-de-jardins-custom-access/collect/collecte-des-propositions-liberer-les-nains-de-jardin/proposals/donnons-leur-un-village-dedie?_locale=fr-FR,,,
