export_contribution_type,export_proposal_id,export_proposal_published_at,export_proposal_reference,export_proposal_title,export_proposal_summary,export_proposal_description,export_proposal_author_id,export_proposal_votes_total_count,export_proposal_votes_digital_count,export_proposal_votes_paper_count,export_proposal_votes_total_points_count,export_proposal_votes_digital_points_count,export_proposal_votes_paper_points_count,export_proposal_category_name,export_proposal_theme_title,export_proposal_formatted_address,export_proposal_address_lat,export_proposal_address_lng,export_proposal_district_name,export_proposal_estimation,export_proposal_illustration,export_proposal_link,export_proposal_status_name,export_proposal_votes_id,export_proposal_votes_ranking
export_contribution_type_proposal,proposalPhoneVerifiedRequirement,"2021-06-03 00:00:00","""26-139""","Je propose!",,TODO,user5,0,0,0,0,0,0,,,,,,,,,https://capco.dev/project/projet-condition-requise-sms/collect/budget-participatif-du-projet-avec-condition-requise-sms/proposals/je-propose?_locale=fr-FR,,,
