export_contribution_type,export_proposal_id,export_proposal_published_at,export_proposal_reference,export_proposal_title,export_proposal_summary,export_proposal_description,export_proposal_author_id,export_proposal_votes_total_count,export_proposal_votes_digital_count,export_proposal_votes_paper_count,export_proposal_votes_total_points_count,export_proposal_votes_digital_points_count,export_proposal_votes_paper_points_count,export_proposal_category_name,export_proposal_theme_title,export_proposal_formatted_address,export_proposal_address_lat,export_proposal_address_lng,export_proposal_district_name,export_proposal_estimation,export_proposal_illustration,export_proposal_link,export_proposal_status_name,export_proposal_votes_id,export_proposal_votes_ranking
export_contribution_type_proposal,proposalArchivingStepNotArchived,"2023-07-05 14:55:00","""31-635256""","Proposition non archivé",,"Proposition non archivé",user1,0,0,0,0,0,0,,,,,,,,,https://capco.dev/project/bp-avec-archivage-des-propositions/collect/collecte-des-propositions-avec-archivage/proposals/proposition-non-archive?_locale=fr-FR,,,
export_contribution_type_proposal,proposalArchivingStepArchived,"2023-07-05 14:55:00","""31-685785""","Proposition archivé",,"Proposition archivé",user1,0,0,0,0,0,0,,,,,,,,,https://capco.dev/project/bp-avec-archivage-des-propositions/collect/collecte-des-propositions-avec-archivage/proposals/proposition-archive?_locale=fr-FR,,,
