export_contribution_type,export_proposal_id,export_proposal_published_at,export_proposal_reference,export_proposal_title,export_proposal_summary,export_proposal_description,export_proposal_author_id,export_proposal_votes_total_count,export_proposal_votes_digital_count,export_proposal_votes_paper_count,export_proposal_votes_total_points_count,export_proposal_votes_digital_points_count,export_proposal_votes_paper_points_count,export_proposal_category_name,export_proposal_theme_title,export_proposal_formatted_address,export_proposal_address_lat,export_proposal_address_lng,export_proposal_district_name,export_proposal_estimation,export_proposal_illustration,export_proposal_link,export_proposal_status_name,export_proposal_created_at,export_proposal_updated_at,export_proposal_publication_status,export_proposal_undraft_at,export_proposal_trashed_at,export_proposal_trashed_reason,export_proposal_author_username,export_proposal_author_is_email_confirmed,export_proposal_author_email,export_proposal_author_user_type_id,export_proposal_author_user_type_name,export_proposal_official_response,export_proposal_votes_id,export_proposal_votes_ranking,export_proposal_votes_created_at,export_proposal_votes_published_at,export_proposal_votes_published,export_proposal_votes_accounted,export_proposal_votes_anonymous,export_proposal_votes_author_id,export_proposal_votes_author_username,export_proposal_votes_author_is_email_confirmed,export_proposal_votes_author_is_phone_confirmed,export_proposal_votes_author_user_type_id,export_proposal_votes_author_user_type_name,export_proposal_comments_id,export_proposal_comments_body,export_proposal_comments_created_at,export_proposal_comments_published_at,export_proposal_comments_updated_at,export_proposal_comments_author_id,export_proposal_comments_author_username,export_proposal_comments_author_is_email_confirmed,export_proposal_comments_author_user_type_id,export_proposal_comments_author_user_type_name,export_proposal_comments_author_email,export_proposal_comments_pinned,export_proposal_comments_publication_status,export_proposal_comments_vote_id,export_proposal_comments_vote_created_at,export_proposal_comments_vote_published_at,export_proposal_comments_vote_author_id,export_proposal_comments_vote_author_username,export_proposal_comments_vote_author_is_email_confirmed,export_proposal_comments_vote_author_user_type_id,export_proposal_comments_vote_author_user_type_name,export_proposal_news_id,export_proposal_news_title,export_proposal_news_themes,export_proposal_news_linked_projects,export_proposal_news_linked_proposal,export_proposal_news_created_at,export_proposal_news_updated_at,export_proposal_news_published_at,export_proposal_news_publication_status,export_proposal_news_commentable,export_proposal_news_displayed_on_blog,export_proposal_news_authors_id,export_proposal_news_authors_username,export_proposal_news_authors_is_email_confirmed,export_proposal_news_authors_user_type_id,export_proposal_news_authors_user_type_name,export_proposal_news_comments_id,export_proposal_news_comments_body,export_proposal_news_comments_parent,export_proposal_news_comments_created_at,export_proposal_news_comments_published_at,export_proposal_news_comments_updated_at,export_proposal_news_comments_author_id,export_proposal_news_comments_author_username,export_proposal_news_comments_author_is_email_confirmed,export_proposal_news_comments_author_user_type_id,export_proposal_news_comments_author_user_type_name,export_proposal_news_comments_author_email,export_proposal_news_comments_pinned,export_proposal_news_comments_publication_status,export_proposal_news_comments_vote_id,export_proposal_news_comments_vote_created_at,export_proposal_news_comments_vote_published_at,export_proposal_news_comments_vote_author_id,export_proposal_news_comments_vote_author_username,export_proposal_news_comments_vote_author_is_email_confirmed,export_proposal_news_comments_vote_author_user_type_id,export_proposal_news_comments_vote_author_user_type_name,export_proposal_news_comments_reportings_id,export_proposal_news_comments_reportings_created_at,export_proposal_news_comments_reportings_author_id,export_proposal_news_comments_reportings_author_username,export_proposal_news_comments_reportings_author_is_email_confirmed,export_proposal_news_comments_reportings_author_user_type_id,export_proposal_news_comments_reportings_author_user_type_name,export_proposal_reportings_id,export_proposal_reportings_body,export_proposal_reportings_created_at,export_proposal_reportings_author_id,export_proposal_reportings_author_username,export_proposal_reportings_author_is_email_confirmed,export_proposal_reportings_author_user_type_id,export_proposal_reportings_author_user_type_name
export_contribution_type_proposal,proposal110,"2020-01-01 00:00:03","""17-9110""","Proposal 110",,"Qu'ils approchent ! Il y'a encore un nain dans la Moria qui respire !",user160,0,0,0,0,0,0,,,,,,,,,https://capco.dev/project/project-analyse/collect/collecte-des-propositions-pour-analyse/proposals/proposal-110?_locale=fr-FR,,"2020-01-01 00:00:03","2020-01-01 00:00:03",export_proposal_publication_status_published,"2020-01-01 00:00:03",,,user160,Oui,user160@cap-collectif.com,1,Citoyen,,,,,,,,,,,,,,,,,,,,,,,,,,,,,,,,,,,,,,,,,,,,,,,,,,,,,,,,,,,,,,,,,,,,,,,,,,,,,,,,,,,,,,,,
export_contribution_type_proposal,proposal111,"2020-01-01 00:00:03","""17-9111""","Proposal 111",,"Qu'ils approchent ! Il y'a encore un nain dans la Moria qui respire !",user160,0,0,0,0,0,0,,,,,,,,,https://capco.dev/project/project-analyse/collect/collecte-des-propositions-pour-analyse/proposals/proposal-111?_locale=fr-FR,,"2020-01-01 00:00:03","2020-01-01 00:00:03",export_proposal_publication_status_published,"2020-01-01 00:00:03",,,user160,Oui,user160@cap-collectif.com,1,Citoyen,,,,,,,,,,,,,,,,,,,,,,,,,,,,,,,,,,,,,,,,,,,,,,,,,,,,,,,,,,,,,,,,,,,,,,,,,,,,,,,,,,,,,,,,
export_contribution_type_proposal,proposal112,"2020-01-01 00:00:03","""17-9112""","Proposal 112",,"Qu'ils approchent ! Il y'a encore un nain dans la Moria qui respire !",user160,0,0,0,0,0,0,,,,,,,,,https://capco.dev/project/project-analyse/collect/collecte-des-propositions-pour-analyse/proposals/proposal-112?_locale=fr-FR,,"2020-01-01 00:00:03","2020-01-01 00:00:03",export_proposal_publication_status_published,"2020-01-01 00:00:03",,,user160,Oui,user160@cap-collectif.com,1,Citoyen,,,,,,,,,,,,,,,,,,,,,,,,,,,,,,,,,,,,,,,,,,,,,,,,,,,,,,,,,,,,,,,,,,,,,,,,,,,,,,,,,,,,,,,,
export_contribution_type_proposal,proposal113,"2020-01-01 00:00:03","""17-9113""","Proposal 113",,"Qu'ils approchent ! Il y'a encore un nain dans la Moria qui respire !",user160,0,0,0,0,0,0,,,,,,,,,https://capco.dev/project/project-analyse/collect/collecte-des-propositions-pour-analyse/proposals/proposal-113?_locale=fr-FR,,"2020-01-01 00:00:03","2020-01-01 00:00:03",export_proposal_publication_status_published,"2020-01-01 00:00:03",,,user160,Oui,user160@cap-collectif.com,1,Citoyen,"En vertu de l'analyse précedemment réalisée, nous avons décider de soutenir la proposition tant financièrement que moralement.",,,,,,,,,,,,,,,,,,,,,,,,,,,,,,,,,,,,,,,,,,,,,,,,,,,,,,,,,,,,,,,,,,,,,,,,,,,,,,,,,,,,,,,
export_contribution_type_proposal,proposal114,"2020-01-01 00:00:03","""17-9114""","Proposal 114",,"Qu'ils approchent ! Il y'a encore un nain dans la Moria qui respire !",user160,0,0,0,0,0,0,,,,,,,,,https://capco.dev/project/project-analyse/collect/collecte-des-propositions-pour-analyse/proposals/proposal-114?_locale=fr-FR,,"2020-01-01 00:00:03","2020-01-01 00:00:03",export_proposal_publication_status_published,"2020-01-01 00:00:03",,,user160,Oui,user160@cap-collectif.com,1,Citoyen,,,,,,,,,,,,,,,,,,,,,,,,,,,,,,,,,,,,,,,,,,,,,,,,,,,,,,,,,,,,,,,,,,,,,,,,,,,,,,,,,,,,,,,,
export_contribution_type_proposal,proposal115,"2020-01-01 00:00:03","""17-9115""","Proposal 115",,"Qu'ils approchent ! Il y'a encore un nain dans la Moria qui respire !",user160,0,0,0,0,0,0,,,,,,,,,https://capco.dev/project/project-analyse/collect/collecte-des-propositions-pour-analyse/proposals/proposal-115?_locale=fr-FR,,"2020-01-01 00:00:03","2020-01-01 00:00:03",export_proposal_publication_status_published,"2020-01-01 00:00:03",,,user160,Oui,user160@cap-collectif.com,1,Citoyen,"C'est avec grand regret que nous vous annonçons que la proposition est favorable.",,,,,,,,,,,,,,,,,,,,,,,,,,,,,,,,,,,,,,,,,,,,,,,,,,,,,,,,,,,,,,,,,,,,,,,,,,,,,,,,,,,,,,,
export_contribution_type_proposal,proposal116,"2020-01-01 00:00:03","""17-9116""","Proposal 116",,"Qu'ils approchent ! Il y'a encore un nain dans la Moria qui respire !",user160,0,0,0,0,0,0,,,,,,,,,https://capco.dev/project/project-analyse/collect/collecte-des-propositions-pour-analyse/proposals/proposal-116?_locale=fr-FR,,"2020-01-01 00:00:03","2020-01-01 00:00:03",export_proposal_publication_status_published,"2020-01-01 00:00:03",,,user160,Oui,user160@cap-collectif.com,1,Citoyen,,,,,,,,,,,,,,,,,,,,,,,,,,,,,,,,,,,,,,,,,,,,,,,,,,,,,,,,,,,,,,,,,,,,,,,,,,,,,,,,,,,,,,,,
export_contribution_type_proposal,proposal117,"2020-01-01 00:00:03","""17-9117""","Proposal 117",,"Qu'ils approchent ! Il y'a encore un nain dans la Moria qui respire !",user160,0,0,0,0,0,0,,,,,,,,,https://capco.dev/project/project-analyse/collect/collecte-des-propositions-pour-analyse/proposals/proposal-117?_locale=fr-FR,,"2020-01-01 00:00:03","2020-01-01 00:00:03",export_proposal_publication_status_published,"2020-01-01 00:00:03",,,user160,Oui,user160@cap-collectif.com,1,Citoyen,,,,,,,,,,,,,,,,,,,,,,,,,,,,,,,,,,,,,,,,,,,,,,,,,,,,,,,,,,,,,,,,,,,,,,,,,,,,,,,,,,,,,,,,
export_contribution_type_proposal,proposal118,"2020-01-01 00:00:03","""17-9118""","Proposal 118",,"Qu'ils approchent ! Il y'a encore un nain dans la Moria qui respire !",user160,0,0,0,0,0,0,,,,,,,,,https://capco.dev/project/project-analyse/collect/collecte-des-propositions-pour-analyse/proposals/proposal-118?_locale=fr-FR,,"2020-01-01 00:00:03","2020-01-01 00:00:03",export_proposal_publication_status_published,"2020-01-01 00:00:03",,,user160,Oui,user160@cap-collectif.com,1,Citoyen,,,,,,,,,,,,,,,,,,,,,,,,,,,,,,,,,,,,,,,,,,,,,,,,,,,,,,,,,,,,,,,,,,,,,,,,,,,,,,,,,,,,,,,,
export_contribution_type_proposal,proposal119,"2020-01-01 00:00:03","""17-9119""","Proposal 119",,"Qu'ils approchent ! Il y'a encore un nain dans la Moria qui respire !",user160,0,0,0,0,0,0,,,,,,,,,https://capco.dev/project/project-analyse/collect/collecte-des-propositions-pour-analyse/proposals/proposal-119?_locale=fr-FR,,"2020-01-01 00:00:03","2020-01-01 00:00:03",export_proposal_publication_status_published,"2020-01-01 00:00:03",,,user160,Oui,user160@cap-collectif.com,1,Citoyen,,,,,,,,,,,,,,,,,,,,,,,,,,,,,,,,,,,,,,,,,,,,,,,,,,,,,,,,,,,,,,,,,,,,,,,,,,,,,,,,,,,,,,,,
export_contribution_type_proposal,proposal120,"2020-01-01 00:00:03","""17-9120""","Proposal 120",,"Qu'ils approchent ! Il y'a encore un nain dans la Moria qui respire !",user160,0,0,0,0,0,0,,,,,,,,,https://capco.dev/project/project-analyse/collect/collecte-des-propositions-pour-analyse/proposals/proposal-120?_locale=fr-FR,,"2020-01-01 00:00:03","2020-01-01 00:00:03",export_proposal_publication_status_published,"2020-01-01 00:00:03",,,user160,Oui,user160@cap-collectif.com,1,Citoyen,,,,,,,,,,,,,,,,,,,,,,,,,,,,,,,,,,,,,,,,,,,,,,,,,,,,,,,,,,,,,,,,,,,,,,,,,,,,,,,,,,,,,,,,
