export_contribution_type,export_proposal_id,export_proposal_published_at,export_proposal_reference,export_proposal_title,export_proposal_summary,export_proposal_description,export_proposal_author_id,export_proposal_votes_total_count,export_proposal_votes_digital_count,export_proposal_votes_paper_count,export_proposal_votes_total_points_count,export_proposal_votes_digital_points_count,export_proposal_votes_paper_points_count,export_proposal_category_name,export_proposal_theme_title,export_proposal_formatted_address,export_proposal_address_lat,export_proposal_address_lng,export_proposal_district_name,export_proposal_estimation,export_proposal_illustration,export_proposal_link,export_proposal_status_name,export_proposal_votes_id,export_proposal_votes_ranking
export_contribution_type_proposal,proposal22,"2017-02-01 22:00:00","""666-666""","Proposition vraiment intéressante",,TODO,userAdmin,0,0,0,0,0,0,,,,,,,,,https://capco.dev/project/budget-participatif-rennes/collect/depot-avec-vote/proposals/proposition-vraiment-interessante?_locale=fr-FR,,,
export_contribution_type_proposal,proposal23,"2017-02-01 23:00:00","""666-667""","Proposition très intéressante",,TODO,userAdmin,0,0,0,0,0,0,,,,,,,,,https://capco.dev/project/budget-participatif-rennes/collect/depot-avec-vote/proposals/proposition-tres-interessante?_locale=fr-FR,,,
export_contribution_type_proposal,proposal103,"2018-03-11 00:00:00","""666-1103""","Test de publication sans accusé de réception",,TODO,userAdmin,0,0,0,0,0,0,,,,,,,,,https://capco.dev/project/budget-participatif-rennes/collect/depot-avec-vote/proposals/test-de-publication-sans-accuse-de-reception?_locale=fr-FR,,,
