// Jest Snapshot v1, https://goo.gl/fbAQLP

exports[`<OpinionSource /> should render a li bordered 1`] = `
<ListGroupItem
  bsClass="list-group-item"
  className="list-group-item__opinion opinion  bg-vip"
  id="source-1"
  listItem={false}
>
  <Media
    bsClass="media"
    componentClass="div"
  >
    <MediaLeft
      bsClass="media-left"
    >
      <Connect(UserAvatar)
        user={
          Object {
            "displayName": "author1",
            "id": "author1",
            "media": null,
            "url": "https://capco/dev/profile/author1",
            "vip": true,
          }
        }
      />
    </MediaLeft>
    <OpinionSource__MediaBody
      className="opinion__body"
    >
      <Relay(OpinionInfos)
        opinion={
          Object {
            " $fragmentRefs": null,
            " $refType": null,
            "author": Object {
              "displayName": "author1",
              "id": "author1",
              "media": null,
              "url": "https://capco/dev/profile/author1",
              "vip": true,
            },
            "id": "1",
          }
        }
        rankingThreshold={null}
      />
      <Relay(TrashedMessage)
        contribution={
          Object {
            " $fragmentRefs": null,
            " $refType": null,
            "author": Object {
              "displayName": "author1",
              "id": "author1",
              "media": null,
              "url": "https://capco/dev/profile/author1",
              "vip": true,
            },
            "id": "1",
          }
        }
      >
        <Relay(OpinionSourceTitle)
          source={
            Object {
              " $fragmentRefs": null,
              " $refType": null,
              "author": Object {
                "displayName": "author1",
                "id": "author1",
                "media": null,
                "url": "https://capco/dev/profile/author1",
                "vip": true,
              },
              "id": "1",
            }
          }
        />
        <Relay(OpinionSourceContent)
          source={
            Object {
              " $fragmentRefs": null,
              " $refType": null,
              "author": Object {
                "displayName": "author1",
                "id": "author1",
                "media": null,
                "url": "https://capco/dev/profile/author1",
                "vip": true,
              },
              "id": "1",
            }
          }
        />
      </Relay(TrashedMessage)>
      <div
        className="small"
      >
        <Relay(Connect(OpinionSourceButtons))
          source={
            Object {
              " $fragmentRefs": null,
              " $refType": null,
              "author": Object {
                "displayName": "author1",
                "id": "author1",
                "media": null,
                "url": "https://capco/dev/profile/author1",
                "vip": true,
              },
              "id": "1",
            }
          }
          sourceable={
            Object {
              " $fragmentRefs": null,
              " $refType": null,
              "id": "sourceableId",
            }
          }
        />
      </div>
    </OpinionSource__MediaBody>
  </Media>
</ListGroupItem>
`;

exports[`<OpinionSource /> should render a white li if not vip 1`] = `
<ListGroupItem
  bsClass="list-group-item"
  className="list-group-item__opinion opinion "
  id="source-1"
  listItem={false}
>
  <Media
    bsClass="media"
    componentClass="div"
  >
    <MediaLeft
      bsClass="media-left"
    >
      <Connect(UserAvatar)
        user={
          Object {
            "displayName": "author1",
            "id": "author1",
            "media": null,
            "url": "https://capco/dev/profile/author1",
            "vip": false,
          }
        }
      />
    </MediaLeft>
    <OpinionSource__MediaBody
      className="opinion__body"
    >
      <Relay(OpinionInfos)
        opinion={
          Object {
            " $fragmentRefs": null,
            " $refType": null,
            "author": Object {
              "displayName": "author1",
              "id": "author1",
              "media": null,
              "url": "https://capco/dev/profile/author1",
              "vip": false,
            },
            "id": "1",
          }
        }
        rankingThreshold={null}
      />
      <Relay(TrashedMessage)
        contribution={
          Object {
            " $fragmentRefs": null,
            " $refType": null,
            "author": Object {
              "displayName": "author1",
              "id": "author1",
              "media": null,
              "url": "https://capco/dev/profile/author1",
              "vip": false,
            },
            "id": "1",
          }
        }
      >
        <Relay(OpinionSourceTitle)
          source={
            Object {
              " $fragmentRefs": null,
              " $refType": null,
              "author": Object {
                "displayName": "author1",
                "id": "author1",
                "media": null,
                "url": "https://capco/dev/profile/author1",
                "vip": false,
              },
              "id": "1",
            }
          }
        />
        <Relay(OpinionSourceContent)
          source={
            Object {
              " $fragmentRefs": null,
              " $refType": null,
              "author": Object {
                "displayName": "author1",
                "id": "author1",
                "media": null,
                "url": "https://capco/dev/profile/author1",
                "vip": false,
              },
              "id": "1",
            }
          }
        />
      </Relay(TrashedMessage)>
      <div
        className="small"
      >
        <Relay(Connect(OpinionSourceButtons))
          source={
            Object {
              " $fragmentRefs": null,
              " $refType": null,
              "author": Object {
                "displayName": "author1",
                "id": "author1",
                "media": null,
                "url": "https://capco/dev/profile/author1",
                "vip": false,
              },
              "id": "1",
            }
          }
          sourceable={
            Object {
              " $fragmentRefs": null,
              " $refType": null,
              "id": "sourceableId",
            }
          }
        />
      </div>
    </OpinionSource__MediaBody>
  </Media>
</ListGroupItem>
`;
