// Jest Snapshot v1, https://goo.gl/fbAQLP

exports[`<ProposalPreviewCard /> <TestProposalPreviewCard /> should render correctly 1`] = `
Array [
  <div
    className="sc-bcXGCL klhoji toasts-container toasts-container--top"
  />,
  <div
    className="sc-bcXGCL cUzULY toasts-container toasts-container--top-left"
  />,
  <div
    className="sc-bcXGCL gbiIcr toasts-container toasts-container--top-right"
  />,
  <div
    className="sc-bcXGCL iAUFHT toasts-container toasts-container--bottom"
  />,
  <div
    className="sc-bcXGCL egFGdF toasts-container toasts-container--bottom-left"
  />,
  <div
    className="sc-bcXGCL iXsWAS toasts-container toasts-container--bottom-right"
  />,
  <div
    className="sc-bcXGCL eUisXR"
    id="proposal-<Node-mock-id-1>"
    onMouseEnter={[Function]}
    onMouseLeave={[Function]}
  >
    <div
      className="sc-bcXGCL eyWpBS"
    >
      <div
        className="sc-bcXGCL eOutYx"
      >
        <div
          className="sc-bcXGCL lfKjRi"
        >
          <div
            className="sc-bcXGCL jyyaxB"
          >
            <svg
              className="sc-bcXGCL sc-eJDTud eIOCew knzWyK cap-icon"
              fill="none"
              viewBox="0 0 13 14"
              xmlns="http://www.w3.org/2000/svg"
            >
              <path
                clipRule="evenodd"
                d="M3.75 3.261a2.75 2.75 0 105.5 0 2.75 2.75 0 00-5.5 0z"
                stroke="currentColor"
                strokeLinecap="round"
                strokeLinejoin="round"
              />
              <path
                d="M1 12.611a5.5 5.5 0 0111 0"
                stroke="currentColor"
                strokeLinecap="round"
                strokeLinejoin="round"
              />
            </svg>
            <p
              className="sc-bcXGCL uILGZ cap-text"
            >
              Jane Doe
            </p>
          </div>
        </div>
        <a
          href="/project///<mock-value-for-field-\\"slug\\">"
          onClick={[Function]}
        >
          <h4
            className="sc-bcXGCL irwbFD cap-heading"
          >
            Installation d'une serre dans le Jardin partag√© du Val des Oiseaux - Argenteuil
          </h4>
        </a>
      </div>
      <a
        href="/project///<mock-value-for-field-\\"slug\\">"
        onClick={[Function]}
      >
        <p
          className="sc-bcXGCL fibrtz"
        />
      </a>
      <div
        className="sc-bcXGCL kkoFlw"
      />
    </div>
  </div>,
]
`;
