// Jest Snapshot v1, https://goo.gl/fbAQLP

exports[`mutations.addAnonymousReply should create an anonymous reply 1`] = `
Object {
  "addAnonymousReply": Object {
    "errorCode": null,
    "participantToken": Any<String>,
    "questionnaire": Object {
      "id": "UXVlc3Rpb25uYWlyZTpxdWVzdGlvbm5haXJlQW5vbnltb3Vz",
    },
    "reply": Object {
      "__typename": "Reply",
      "id": Any<String>,
    },
  },
}
`;
