// Jest Snapshot v1, https://goo.gl/fbAQLP

exports[`<ProjectHeaderAuthorsModal /> renders correctly 1`] = `
Array [
  <div
    className="sc-bcXGCL cgAMhb toasts-container toasts-container--top"
  />,
  <div
    ariaLabel="project.authors"
    baseId="show-authors-modal"
    data-testid="Modal"
    id="show-authors-modal"
    onClose={[MockFunction]}
    show={true}
    size="lg"
  >
    <div
      className="ResetCss-jmWVRh hylUuV"
    >
      <div
        data-testid="Header"
      >
        <h2
          className="sc-bcXGCL jyqEHl cap-heading"
        >
          number-of-authors
        </h2>
      </div>
    </div>
    <div
      data-testid="Body"
    >
      <div
        className="ListGroupFlush__Container-eGHZgt cEkgdF list-group-flush ProjectHeaderAuthorsModal__ProjectAuthorList-exQxKa gZQIvY mb-0 list-group"
        striped={false}
      >
        <span
          className="ProjectHeaderAuthorsModal__ProjectAuthorItem-fAbEbJ cawNyi projectAuthorItem list-group-item"
        >
          <div
            className="d-flex"
          >
            <span
              className="UserAvatar__UserAvatarContainer-jxoNlw imfDjz"
              hasBadge={false}
            >
              <div
                className="sc-bcXGCL iLOWAE sc-ckEbfr gIIayp cap-avatar"
                title="<mock-value-for-field-\\"username\\">"
              >
                &lt;
              </div>
            </span>
            <div
              className="d-flex fd-column"
            >
              <span
                className="font-weight-bold"
              >
                &lt;mock-value-for-field-"username"&gt;
              </span>
              <span
                className="excerpt"
              >
                Citoyen
              </span>
            </div>
          </div>
        </span>
      </div>
    </div>
    <div
      data-testid="Footer"
      spacing={2}
    >
      <button
        className="sc-bcXGCL sc-laZSpB hzCEQq ktRJXy cap-button"
        onClick={[MockFunction]}
        type="button"
      >
        global.close
      </button>
    </div>
  </div>,
]
`;
