export_contribution_type,export_contribution_id,export_contribution_author_id,export_contribution_published_at,"Evaluez le coût de votre proposition","ça roule ?","Un nombre stp"
export_contribution_type_questionnaire_reply,reply3,userAdmin,"2016-03-03 00:00:00",,,
