export_contribution_type,export_contribution_id,export_contribution_author_id,export_contribution_published_at
export_contribution_type_questionnaire_reply,replyGroup,user5,"2019-03-20 00:00:00"
