url,title,bodyText,address_formatted,createdAt,updatedAt,trashedAt,trashedReason,responses_question_title,responses_formattedValue
https://capco.dev/project/bp-avec-archivage-des-propositions/collect/collecte-des-propositions-avec-archivage/proposals/proposition-archive,"Proposition archivé","Proposition archivé",,"2023-07-05 14:55:00","2023-07-05 14:55:00",,,,
https://capco.dev/project/bp-avec-archivage-des-propositions/collect/collecte-des-propositions-avec-archivage/proposals/proposition-non-archive,"Proposition non archivé","Proposition non archivé",,"2023-07-05 14:55:00","2023-07-05 14:55:00",,,,
https://capco.dev/project/bp-vote-etape-de-depot/collect/collecte-des-propositions-vote-parcours-min-3-max-5/proposals/proposition-collect-vote-a,"Proposition Collect + Vote A","Proposition Collect + Vote A",,"2023-07-05 14:55:00","2023-07-05 14:55:00",,,,
https://capco.dev/project/bp-vote-etape-de-depot/collect/collecte-des-propositions-vote-parcours-min-3-max-5/proposals/proposition-collect-vote-b,"Proposition Collect + Vote B","Proposition Collect + Vote B",,"2023-07-05 14:55:00","2023-07-05 14:55:00",,,,
https://capco.dev/project/bp-vote-etape-de-depot/collect/collecte-des-propositions-vote-parcours-min-3-max-5/proposals/proposition-collect-vote-c,"Proposition Collect + Vote C","Proposition Collect + Vote C",,"2023-07-05 14:55:00","2023-07-05 14:55:00",,,,
https://capco.dev/project/bp-vote-etape-de-depot/collect/collecte-des-propositions-vote-parcours-min-3-max-5/proposals/proposition-collect-vote-d,"Proposition Collect + Vote D","Proposition Collect + Vote D",,"2023-07-05 14:55:00","2023-07-05 14:55:00",,,,
https://capco.dev/project/bp-vote-etape-de-depot/collect/collecte-des-propositions-vote-parcours-min-3-max-5/proposals/proposition-collect-vote-e,"Proposition Collect + Vote E","Proposition Collect + Vote E",,"2023-07-05 14:55:00","2023-07-05 14:55:00",,,,
https://capco.dev/project/bp-vote-etape-de-depot/collect/collecte-des-propositions-vote-parcours-min-3-max-5/proposals/proposition-collect-vote-f,"Proposition Collect + Vote F","Proposition Collect + Vote F",,"2023-07-05 14:55:00","2023-07-05 14:55:00",,,,
https://capco.dev/project/bp-vote-parcours-min-2-max-2/collect/collecte-des-propositions-parcours-min-2-max-2/proposals/proposition-2-a,"Proposition 2-A","Proposition 2-A",,"2023-07-05 14:55:00","2023-07-05 14:55:00",,,,
https://capco.dev/project/bp-vote-parcours-min-2-max-2/collect/collecte-des-propositions-parcours-min-2-max-2/proposals/proposition-2-b,"Proposition 2-B","Proposition 2-B",,"2023-07-05 14:55:00","2023-07-05 14:55:00",,,,
https://capco.dev/project/bp-vote-parcours-min-2-max-2/collect/collecte-des-propositions-parcours-min-2-max-2/proposals/proposition-2-c,"Proposition 2-C","Proposition 2-C",,"2023-07-05 14:55:00","2023-07-05 14:55:00",,,,
https://capco.dev/project/bp-vote-parcours-min-2-max-2/collect/collecte-des-propositions-parcours-min-2-max-2/proposals/proposition-2-d,"Proposition 2-D","Proposition 2-D",,"2023-07-05 14:55:00","2023-07-05 14:55:00",,,,
https://capco.dev/project/bp-vote-parcours/collect/collecte-des-propositions-parcours/proposals/proposition-a,"Proposition A","Proposition A",,"2023-07-05 14:55:00","2023-07-05 14:55:00",,,,
https://capco.dev/project/bp-vote-parcours/collect/collecte-des-propositions-parcours/proposals/proposition-b,"Proposition B","Proposition B",,"2023-07-05 14:55:00","2023-07-05 14:55:00",,,,
https://capco.dev/project/bp-vote-parcours/collect/collecte-des-propositions-parcours/proposals/proposition-c,"Proposition C","Proposition C",,"2023-07-05 14:55:00","2023-07-05 14:55:00",,,,
https://capco.dev/project/bp-vote-parcours/collect/collecte-des-propositions-parcours/proposals/proposition-d,"Proposition D","Proposition D",,"2023-07-05 14:55:00","2023-07-05 14:55:00",,,,
https://capco.dev/project/bp-vote-parcours/collect/collecte-des-propositions-parcours/proposals/proposition-e,"Proposition E","Proposition E",,"2023-07-05 14:55:00","2023-07-05 14:55:00",,,,
https://capco.dev/project/bp-vote-parcours/collect/collecte-des-propositions-parcours/proposals/proposition-f,"Proposition F","Proposition F",,"2023-07-05 14:55:00","2023-07-05 14:55:00",,,,
https://capco.dev/project/budget-participatif-rennes/collect/collecte-des-propositions-avec-questions/proposals/proposal-100,"Proposal 100","Contenu 100",,"2017-05-12 00:21:00","2017-05-12 00:21:00",,,,
https://capco.dev/project/budget-participatif-rennes/collect/collecte-des-propositions-avec-questions/proposals/proposal-99,"Proposal 99","Contenu 99",,"2017-05-11 00:21:00","2017-05-11 00:21:00",,,,
https://capco.dev/project/budget-participatif-rennes/collect/collecte-des-propositions-avec-questions/proposals/proposal-98,"Proposal 98","Contenu 98",,"2017-05-10 00:21:00","2017-05-10 00:21:00",,,,
https://capco.dev/project/budget-participatif-rennes/collect/collecte-des-propositions-avec-questions/proposals/proposal-97,"Proposal 97","Contenu 97",,"2017-05-09 00:21:00","2017-05-09 00:21:00",,,,
https://capco.dev/project/budget-participatif-rennes/collect/collecte-des-propositions-avec-questions/proposals/proposal-96,"Proposal 96","Contenu 96",,"2017-05-08 00:21:00","2017-05-08 00:21:00",,,,
https://capco.dev/project/budget-participatif-rennes/collect/collecte-des-propositions-avec-questions/proposals/proposal-95,"Proposal 95","Contenu 95",,"2017-05-07 00:21:00","2017-05-07 00:21:00",,,,
https://capco.dev/project/budget-participatif-rennes/collect/collecte-des-propositions-avec-questions/proposals/proposal-94,"Proposal 94","Contenu 94",,"2017-05-06 00:21:00","2017-05-06 00:21:00",,,,
https://capco.dev/project/budget-participatif-rennes/collect/collecte-des-propositions-avec-questions/proposals/proposal-93,"Proposal 93","Contenu 93",,"2017-05-05 00:21:00","2017-05-05 00:21:00",,,,
https://capco.dev/project/budget-participatif-rennes/collect/collecte-des-propositions-avec-questions/proposals/proposal-92,"Proposal 92","Contenu 92",,"2017-05-04 00:21:00","2017-05-04 00:21:00",,,,
https://capco.dev/project/budget-participatif-rennes/collect/collecte-des-propositions-avec-questions/proposals/proposal-91,"Proposal 91","Contenu 91",,"2017-05-03 00:21:00","2017-05-03 00:21:00",,,,
https://capco.dev/project/budget-participatif-rennes/collect/collecte-des-propositions-avec-questions/proposals/proposal-90,"Proposal 90","Contenu 90",,"2017-05-02 00:21:00","2017-05-02 00:21:00",,,,
https://capco.dev/project/budget-participatif-rennes/collect/collecte-des-propositions-avec-questions/proposals/proposal-89,"Proposal 89","Contenu 89",,"2017-05-01 00:21:00","2017-05-01 00:21:00",,,,
https://capco.dev/project/budget-participatif-rennes/collect/collecte-des-propositions-avec-questions/proposals/proposal-88,"Proposal 88","Contenu 88",,"2017-04-30 00:21:00","2017-04-30 00:21:00",,,,
https://capco.dev/project/budget-participatif-rennes/collect/collecte-des-propositions-avec-questions/proposals/proposal-87,"Proposal 87","Contenu 87",,"2017-04-29 00:21:00","2017-04-29 00:21:00",,,,
https://capco.dev/project/budget-participatif-rennes/collect/collecte-des-propositions-avec-questions/proposals/proposal-86,"Proposal 86","Contenu 86",,"2017-04-28 00:21:00","2017-04-28 00:21:00",,,,
https://capco.dev/project/budget-participatif-rennes/collect/collecte-des-propositions-avec-questions/proposals/proposal-85,"Proposal 85","Contenu 85",,"2017-04-27 00:21:00","2017-04-27 00:21:00",,,,
https://capco.dev/project/budget-participatif-rennes/collect/collecte-des-propositions-avec-questions/proposals/proposal-84,"Proposal 84","Contenu 84",,"2017-04-26 00:21:00","2017-04-26 00:21:00",,,,
https://capco.dev/project/budget-participatif-rennes/collect/collecte-des-propositions-avec-questions/proposals/proposal-83,"Proposal 83","Contenu 83",,"2017-04-25 00:21:00","2017-04-25 00:21:00",,,,
https://capco.dev/project/budget-participatif-rennes/collect/collecte-des-propositions-avec-questions/proposals/proposal-82,"Proposal 82","Contenu 82",,"2017-04-24 00:21:00","2017-04-24 00:21:00",,,,
https://capco.dev/project/budget-participatif-rennes/collect/collecte-des-propositions-avec-questions/proposals/proposal-81,"Proposal 81","Contenu 81",,"2017-04-23 00:21:00","2017-04-23 00:21:00",,,,
https://capco.dev/project/budget-participatif-rennes/collect/collecte-des-propositions-avec-questions/proposals/proposal-80,"Proposal 80","Contenu 80",,"2017-04-22 00:21:00","2017-04-22 00:21:00",,,,
https://capco.dev/project/budget-participatif-rennes/collect/collecte-des-propositions-avec-questions/proposals/proposal-79,"Proposal 79","Contenu 79",,"2017-04-21 00:21:00","2017-04-21 00:21:00",,,,
https://capco.dev/project/budget-participatif-rennes/collect/collecte-des-propositions-avec-questions/proposals/proposal-78,"Proposal 78","Contenu 78",,"2017-04-20 00:21:00","2017-04-20 00:21:00",,,,
https://capco.dev/project/budget-participatif-rennes/collect/collecte-des-propositions-avec-questions/proposals/proposal-77,"Proposal 77","Contenu 77",,"2017-04-19 00:21:00","2017-04-19 00:21:00",,,,
https://capco.dev/project/budget-participatif-rennes/collect/collecte-des-propositions-avec-questions/proposals/proposal-76,"Proposal 76","Contenu 76",,"2017-04-18 00:21:00","2017-04-18 00:21:00",,,,
https://capco.dev/project/budget-participatif-rennes/collect/collecte-des-propositions-avec-questions/proposals/proposal-75,"Proposal 75","Contenu 75",,"2017-04-17 00:21:00","2017-04-17 00:21:00",,,,
https://capco.dev/project/budget-participatif-rennes/collect/collecte-des-propositions-avec-questions/proposals/proposal-74,"Proposal 74","Contenu 74",,"2017-04-16 00:21:00","2017-04-16 00:21:00",,,,
https://capco.dev/project/budget-participatif-rennes/collect/collecte-des-propositions-avec-questions/proposals/proposal-73,"Proposal 73","Contenu 73",,"2017-04-15 00:21:00","2017-04-15 00:21:00",,,,
https://capco.dev/project/budget-participatif-rennes/collect/collecte-des-propositions-avec-questions/proposals/proposal-72,"Proposal 72","Contenu 72",,"2017-04-14 00:21:00","2017-04-14 00:21:00",,,,
https://capco.dev/project/budget-participatif-rennes/collect/collecte-des-propositions-avec-questions/proposals/proposal-71,"Proposal 71","Contenu 71",,"2017-04-13 00:21:00","2017-04-13 00:21:00",,,,
https://capco.dev/project/budget-participatif-rennes/collect/collecte-des-propositions-avec-questions/proposals/proposal-70,"Proposal 70","Contenu 70",,"2017-04-12 00:21:00","2017-04-12 00:21:00",,,,
https://capco.dev/project/budget-participatif-rennes/collect/collecte-des-propositions-avec-questions/proposals/proposal-69,"Proposal 69","Contenu 69",,"2017-04-11 00:21:00","2017-04-11 00:21:00",,,,
https://capco.dev/project/budget-participatif-rennes/collect/collecte-des-propositions-avec-questions/proposals/proposal-68,"Proposal 68","Contenu 68",,"2017-04-10 00:21:00","2017-04-10 00:21:00",,,,
https://capco.dev/project/budget-participatif-rennes/collect/collecte-des-propositions-avec-questions/proposals/proposal-67,"Proposal 67","Contenu 67",,"2017-04-09 00:21:00","2017-04-09 00:21:00",,,,
https://capco.dev/project/budget-participatif-rennes/collect/collecte-des-propositions-avec-questions/proposals/proposal-66,"Proposal 66","Contenu 66",,"2017-04-08 00:21:00","2017-04-08 00:21:00",,,,
https://capco.dev/project/budget-participatif-rennes/collect/collecte-des-propositions-avec-questions/proposals/proposal-65,"Proposal 65","Contenu 65",,"2017-04-07 00:21:00","2017-04-07 00:21:00",,,,
https://capco.dev/project/budget-participatif-rennes/collect/collecte-des-propositions-avec-questions/proposals/proposal-64,"Proposal 64","Contenu 64",,"2017-04-06 00:21:00","2017-04-06 00:21:00",,,,
https://capco.dev/project/budget-participatif-rennes/collect/collecte-des-propositions-avec-questions/proposals/proposal-63,"Proposal 63","Contenu 63",,"2017-04-05 00:21:00","2017-04-05 00:21:00",,,,
https://capco.dev/project/budget-participatif-rennes/collect/collecte-des-propositions-avec-questions/proposals/proposal-62,"Proposal 62","Contenu 62",,"2017-04-04 00:21:00","2017-04-04 00:21:00",,,,
https://capco.dev/project/budget-participatif-rennes/collect/collecte-des-propositions-avec-questions/proposals/proposal-61,"Proposal 61","Contenu 61",,"2017-04-03 00:21:00","2017-04-03 00:21:00",,,,
https://capco.dev/project/budget-participatif-rennes/collect/collecte-des-propositions-avec-questions/proposals/proposal-60,"Proposal 60","Contenu 60",,"2017-04-02 00:21:00","2017-04-02 00:21:00",,,,
https://capco.dev/project/budget-participatif-rennes/collect/collecte-des-propositions-avec-questions/proposals/proposal-59,"Proposal 59","Contenu 59",,"2017-04-01 00:21:00","2017-04-01 00:21:00",,,,
https://capco.dev/project/budget-participatif-rennes/collect/collecte-des-propositions-avec-questions/proposals/proposal-58,"Proposal 58","Contenu 58",,"2017-03-31 00:21:00","2017-03-31 00:21:00",,,,
https://capco.dev/project/budget-participatif-rennes/collect/collecte-des-propositions-avec-questions/proposals/proposal-57,"Proposal 57","Contenu 57",,"2017-03-30 00:21:00","2017-03-30 00:21:00",,,,
https://capco.dev/project/budget-participatif-rennes/collect/collecte-des-propositions-avec-questions/proposals/proposal-56,"Proposal 56","Contenu 56",,"2017-03-29 00:21:00","2017-03-29 00:21:00",,,,
https://capco.dev/project/budget-participatif-rennes/collect/collecte-des-propositions-avec-questions/proposals/proposal-55,"Proposal 55","Contenu 55",,"2017-03-28 00:21:00","2017-03-28 00:21:00",,,,
https://capco.dev/project/budget-participatif-rennes/collect/collecte-des-propositions-avec-questions/proposals/proposal-54,"Proposal 54","Contenu 54",,"2017-03-27 00:21:00","2017-03-27 00:21:00",,,,
https://capco.dev/project/budget-participatif-rennes/collect/collecte-des-propositions-avec-questions/proposals/proposal-53,"Proposal 53","Contenu 53",,"2017-03-26 00:21:00","2017-03-26 00:21:00",,,,
https://capco.dev/project/budget-participatif-rennes/collect/collecte-des-propositions-avec-questions/proposals/proposal-52,"Proposal 52","Contenu 52",,"2017-03-25 00:21:00","2017-03-25 00:21:00",,,,
https://capco.dev/project/budget-participatif-rennes/collect/collecte-des-propositions-avec-questions/proposals/proposal-51,"Proposal 51","Contenu 51",,"2017-03-24 00:21:00","2017-03-24 00:21:00",,,,
https://capco.dev/project/budget-participatif-rennes/collect/collecte-des-propositions/proposals/trashed-proposal-visible-50,"Trashed proposal visible 50","I deserve to be trashed !",,"2017-03-23 00:23:00","2017-03-23 00:23:00","2017-03-23 00:23:00","SPAM 50",,
https://capco.dev/project/budget-participatif-rennes/collect/collecte-des-propositions-avec-questions/proposals/proposal-50,"Proposal 50","Contenu 50",,"2017-03-23 00:21:00","2017-03-23 00:21:00",,,,
https://capco.dev/project/budget-participatif-rennes/collect/collecte-des-propositions/proposals/trashed-proposal-visible-49,"Trashed proposal visible 49","I deserve to be trashed !",,"2017-03-22 00:23:00","2017-03-22 00:23:00","2017-03-22 00:23:00","SPAM 49",,
https://capco.dev/project/budget-participatif-rennes/collect/collecte-des-propositions-avec-questions/proposals/proposal-49,"Proposal 49","Contenu 49",,"2017-03-22 00:21:00","2017-03-22 00:21:00",,,,
https://capco.dev/project/budget-participatif-rennes/collect/collecte-des-propositions/proposals/trashed-proposal-visible-48,"Trashed proposal visible 48","I deserve to be trashed !",,"2017-03-21 00:23:00","2017-03-21 00:23:00","2017-03-21 00:23:00","SPAM 48",,
https://capco.dev/project/budget-participatif-rennes/collect/collecte-des-propositions-avec-questions/proposals/proposal-48,"Proposal 48","Contenu 48",,"2017-03-21 00:21:00","2017-03-21 00:21:00",,,,
https://capco.dev/project/budget-participatif-rennes/collect/collecte-des-propositions/proposals/trashed-proposal-visible-47,"Trashed proposal visible 47","I deserve to be trashed !",,"2017-03-20 00:23:00","2017-03-20 00:23:00","2017-03-20 00:23:00","SPAM 47",,
https://capco.dev/project/budget-participatif-rennes/collect/collecte-des-propositions-avec-questions/proposals/proposal-47,"Proposal 47","Contenu 47",,"2017-03-20 00:21:00","2017-03-20 00:21:00",,,,
https://capco.dev/project/budget-participatif-rennes/collect/collecte-des-propositions/proposals/trashed-proposal-visible-46,"Trashed proposal visible 46","I deserve to be trashed !",,"2017-03-19 00:23:00","2017-03-19 00:23:00","2017-03-19 00:23:00","SPAM 46",,
https://capco.dev/project/budget-participatif-rennes/collect/collecte-des-propositions-avec-questions/proposals/proposal-46,"Proposal 46","Contenu 46",,"2017-03-19 00:21:00","2017-03-19 00:21:00",,,,
https://capco.dev/project/budget-participatif-rennes/collect/collecte-des-propositions/proposals/trashed-proposal-visible-45,"Trashed proposal visible 45","I deserve to be trashed !",,"2017-03-18 00:23:00","2017-03-18 00:23:00","2017-03-18 00:23:00","SPAM 45",,
https://capco.dev/project/budget-participatif-rennes/collect/collecte-des-propositions-avec-questions/proposals/proposal-45,"Proposal 45","Contenu 45",,"2017-03-18 00:21:00","2017-03-18 00:21:00",,,,
https://capco.dev/project/budget-participatif-rennes/collect/collecte-des-propositions/proposals/trashed-proposal-visible-44,"Trashed proposal visible 44","I deserve to be trashed !",,"2017-03-17 00:23:00","2017-03-17 00:23:00","2017-03-17 00:23:00","SPAM 44",,
https://capco.dev/project/budget-participatif-rennes/collect/collecte-des-propositions-avec-questions/proposals/proposal-44,"Proposal 44","Contenu 44",,"2017-03-17 00:21:00","2017-03-17 00:21:00",,,,
https://capco.dev/project/budget-participatif-rennes/collect/collecte-des-propositions/proposals/trashed-proposal-visible-43,"Trashed proposal visible 43","I deserve to be trashed !",,"2017-03-16 00:23:00","2017-03-16 00:23:00","2017-03-16 00:23:00","SPAM 43",,
https://capco.dev/project/budget-participatif-rennes/collect/collecte-des-propositions-avec-questions/proposals/proposal-43,"Proposal 43","Contenu 43",,"2017-03-16 00:21:00","2017-03-16 00:21:00",,,,
https://capco.dev/project/budget-participatif-rennes/collect/collecte-des-propositions/proposals/trashed-proposal-visible-42,"Trashed proposal visible 42","I deserve to be trashed !",,"2017-03-15 00:23:00","2017-03-15 00:23:00","2017-03-15 00:23:00","SPAM 42",,
https://capco.dev/project/budget-participatif-rennes/collect/collecte-des-propositions-avec-questions/proposals/proposal-42,"Proposal 42","Contenu 42",,"2017-03-15 00:21:00","2017-03-15 00:21:00",,,,
https://capco.dev/project/budget-participatif-rennes/collect/collecte-des-propositions/proposals/trashed-proposal-visible-41,"Trashed proposal visible 41","I deserve to be trashed !",,"2017-03-14 00:23:00","2017-03-14 00:23:00","2017-03-14 00:23:00","SPAM 41",,
https://capco.dev/project/budget-participatif-rennes/collect/collecte-des-propositions-avec-questions/proposals/proposal-41,"Proposal 41","Contenu 41",,"2017-03-14 00:21:00","2017-03-14 00:21:00",,,,
https://capco.dev/project/budget-participatif-rennes/collect/collecte-des-propositions/proposals/trashed-proposal-visible-40,"Trashed proposal visible 40","I deserve to be trashed !",,"2017-03-13 00:23:00","2017-03-13 00:23:00","2017-03-13 00:23:00","SPAM 40",,
https://capco.dev/project/budget-participatif-rennes/collect/collecte-des-propositions-avec-questions/proposals/proposal-40,"Proposal 40","Contenu 40",,"2017-03-13 00:21:00","2017-03-13 00:21:00",,,,
https://capco.dev/project/budget-participatif-rennes/collect/collecte-des-propositions/proposals/trashed-proposal-visible-39,"Trashed proposal visible 39","I deserve to be trashed !",,"2017-03-12 00:23:00","2017-03-12 00:23:00","2017-03-12 00:23:00","SPAM 39",,
https://capco.dev/project/budget-participatif-rennes/collect/collecte-des-propositions/proposals/trashed-proposal-visible-38,"Trashed proposal visible 38","I deserve to be trashed !",,"2017-03-11 00:23:00","2017-03-11 00:23:00","2017-03-11 00:23:00","SPAM 38",,
https://capco.dev/project/budget-participatif-rennes/collect/collecte-des-propositions/proposals/trashed-proposal-visible-37,"Trashed proposal visible 37","I deserve to be trashed !",,"2017-03-10 00:23:00","2017-03-10 00:23:00","2017-03-10 00:23:00","SPAM 37",,
https://capco.dev/project/budget-participatif-rennes/collect/collecte-des-propositions/proposals/trashed-proposal-visible-36,"Trashed proposal visible 36","I deserve to be trashed !",,"2017-03-09 00:23:00","2017-03-09 00:23:00","2017-03-09 00:23:00","SPAM 36",,
https://capco.dev/project/budget-participatif-rennes/collect/collecte-des-propositions/proposals/trashed-proposal-visible-35,"Trashed proposal visible 35","I deserve to be trashed !",,"2017-03-08 00:23:00","2017-03-08 00:23:00","2017-03-08 00:23:00","SPAM 35",,
https://capco.dev/project/budget-participatif-rennes/collect/collecte-des-propositions/proposals/trashed-proposal-visible-34,"Trashed proposal visible 34","I deserve to be trashed !",,"2017-03-07 00:23:00","2017-03-07 00:23:00","2017-03-07 00:23:00","SPAM 34",,
https://capco.dev/project/budget-participatif-rennes/collect/collecte-des-propositions/proposals/trashed-proposal-visible-33,"Trashed proposal visible 33","I deserve to be trashed !",,"2017-03-06 00:23:00","2017-03-06 00:23:00","2017-03-06 00:23:00","SPAM 33",,
https://capco.dev/project/budget-participatif-rennes/collect/collecte-des-propositions/proposals/trashed-proposal-visible-32,"Trashed proposal visible 32","I deserve to be trashed !",,"2017-03-05 00:23:00","2017-03-05 00:23:00","2017-03-05 00:23:00","SPAM 32",,
https://capco.dev/project/budget-participatif-rennes/collect/collecte-des-propositions/proposals/trashed-proposal-visible-31,"Trashed proposal visible 31","I deserve to be trashed !",,"2017-03-04 00:23:00","2017-03-04 00:23:00","2017-03-04 00:23:00","SPAM 31",,
https://capco.dev/project/budget-participatif-rennes/collect/collecte-des-propositions/proposals/trashed-proposal-visible-30,"Trashed proposal visible 30","I deserve to be trashed !",,"2017-03-03 00:23:00","2017-03-03 00:23:00","2017-03-03 00:23:00","SPAM 30",,
