export_vote_published_at,export_vote_type,export_vote_author_id
"2020-01-08 00:00:00",export_vote_type_against,user7
"2020-01-09 00:00:00",export_vote_type_against,user8
"2020-01-10 00:00:00",export_vote_type_against,user9
"2020-01-11 00:00:00",export_vote_type_against,user10
"2020-01-12 00:00:00",export_vote_type_against,user11
