// Jest Snapshot v1, https://goo.gl/fbAQLP

exports[`<ShieldPage /> renders with registration disabled 1`] = `
[
  <div
    className="sc-bcXGCL gHoLKQ toasts-container toasts-container--top"
  />,
  <form
    id="login-form"
    onSubmit={[Function]}
  >
    <div>
      <div
        className="sc-bcXGCL iAhoTX"
      >
        <div
          className=" ql-editor wysiwyg-render"
          dangerouslySetInnerHTML={
            {
              "__html": "<mock-value-for-field-"value">",
            }
          }
        />
      </div>
      <div
        className="sc-bcXGCL fVgOgb cap-form-control"
      >
        <label
          className="sc-bcXGCL fTPHCc cap-form-label"
          htmlFor=":r0:"
          style={
            {
              "marginLeft": 0,
              "marginTop": 0,
            }
          }
        >
          <span
            className="sc-bcXGCL dQChsN cap-text"
            style={
              {
                "marginLeft": 0,
                "marginTop": 0,
              }
            }
          >
            global.email
          </span>
        </label>
        <input
          aria-required={true}
          autoComplete="email"
          autoFocus={true}
          className="sc-bcXGCL sc-dwnPIk egzrup eCNeCU cap-input"
          disabled={false}
          id=":r0:"
          name="username"
          onBlur={[Function]}
          onChange={[Function]}
          onFocus={[Function]}
          placeholder="email.placeholder"
          readOnly={false}
          required={true}
          type="email"
        />
      </div>
      <div
        className="sc-bcXGCL fVgOgb cap-form-control"
      >
        <label
          className="sc-bcXGCL fTPHCc cap-form-label"
          htmlFor=":r1:"
          style={
            {
              "marginLeft": 0,
              "marginTop": 0,
            }
          }
        >
          <span
            className="sc-bcXGCL dQChsN cap-text"
            style={
              {
                "marginLeft": 0,
                "marginTop": 0,
              }
            }
          >
            global.password
          </span>
        </label>
        <input
          aria-required={true}
          autoComplete="off"
          className="sc-bcXGCL sc-dwnPIk egzrup eCNeCU cap-input"
          disabled={false}
          id=":r1:"
          name="password"
          onBlur={[Function]}
          onChange={[Function]}
          onFocus={[Function]}
          readOnly={false}
          required={true}
          type="password"
        />
      </div>
      <a
        className="sc-bcXGCL gudgoe cap-link"
        href="/resetting/request"
      >
        global.forgot_password
      </a>
      <div
        className="sc-bcXGCL gvdeaM"
      >
        <div
          className=" ql-editor wysiwyg-render"
          dangerouslySetInnerHTML={
            {
              "__html": "<mock-value-for-field-"value">",
            }
          }
        />
      </div>
    </div>
    <button
      className="sc-bcXGCL sc-gGvGpy hRwdLZ jrAhSN cap-button"
      id="confirm-login"
      type="submit"
    >
      global.login_me
    </button>
  </form>,
]
`;

exports[`<ShieldPage /> renders with registration disabled and classical auth by pass enabled 1`] = `
[
  <div
    className="sc-bcXGCL gHoLKQ toasts-container toasts-container--top"
  />,
  <div>
    <div
      className="sc-bcXGCL iAhoTX"
    >
      <div
        className=" ql-editor wysiwyg-render"
        dangerouslySetInnerHTML={
          {
            "__html": "<mock-value-for-field-"value">",
          }
        }
      />
    </div>
    <div
      className="sc-bcXGCL gvdeaM"
    >
      <div
        className=" ql-editor wysiwyg-render"
        dangerouslySetInnerHTML={
          {
            "__html": "<mock-value-for-field-"value">",
          }
        }
      />
    </div>
  </div>,
]
`;

exports[`<ShieldPage /> renders with registration enabled 1`] = `
<div
  className="sc-bcXGCL gHoLKQ toasts-container toasts-container--top"
/>
`;
